Found 138 files to translate. Using concurrency: 1
Translating test.md (0.0 KB) to Български using gemma4:26b-optimized4nyx...
Saved to docs/bg/test.md
Translating themen.md (0.3 KB) to Български using gemma4:26b-optimized4nyx...
Saved to docs/bg/themen.md
Translating schrift02.md (0.3 KB) to Български using gemma4:26b-optimized4nyx...
Saved to docs/bg/lektionen/schrift02.md
Translating schrift05.md (0.4 KB) to Български using gemma4:26b-optimized4nyx...
Saved to docs/bg/lektionen/schrift05.md
Translating schrift03.md (0.5 KB) to Български using gemma4:26b-optimized4nyx...
Saved to docs/bg/lektionen/schrift03.md
Translating schrift11.md (0.6 KB) to Български using gemma4:26b-optimized4nyx...
Saved to docs/bg/lektionen/schrift11.md
Translating impressum.md (0.9 KB) to Български using gemma4:26b-optimized4nyx...
Attempt 1 failed: read ETIMEDOUT
Attempt 2 failed: read ETIMEDOUT
Attempt 3 failed: read ETIMEDOUT
Attempt 4 failed: read ETIMEDOUT
Attempt 5 failed: read ETIMEDOUT
Cloud failed for impressum.md. Switching to nyx.local fallback...
Attempt 1 failed: read ETIMEDOUT
Attempt 2 failed: read ETIMEDOUT
Attempt 3 failed: read ETIMEDOUT
Attempt 4 failed: read ETIMEDOUT
Attempt 5 failed: read ETIMEDOUT
Attempt 6 failed: read ETIMEDOUT
Attempt 7 failed: read ETIMEDOUT
Attempt 8 failed: read ETIMEDOUT
Attempt 9 failed: read ETIMEDOUT
Attempt 10 failed: read ETIMEDOUT
Final failure for docs/impressum.md even with local fallback: read ETIMEDOUT
Translating schrift04.md (0.6 KB) to Български using gemma4:26b-optimized4nyx...
Attempt 1 failed: read ETIMEDOUT
Attempt 2 failed: read ETIMEDOUT
Saved to docs/bg/lektionen/schrift04.md
Translating schrift09.md (1.3 KB) to Български using gemma4:26b-optimized4nyx...
Saved to docs/bg/lektionen/schrift09.md
Translating schrift06.md (1.0 KB) to Български using gemma4:26b-optimized4nyx...
Saved to docs/bg/lektionen/schrift06.md
Translating uebung21.md (1.3 KB) to Български using gemma4:26b-optimized4nyx...
Saved to docs/bg/lektionen/uebung21.md
Translating schrift07.md (1.3 KB) to Български using gemma4:26b-optimized4nyx...
Saved to docs/bg/lektionen/schrift07.md
Translating uebung54.md (1.4 KB) to Български using gemma4:26b-optimized4nyx...
Saved to docs/bg/lektionen/uebung54.md
Translating schrift01.md (2.0 KB) to Български using gemma4:26b-optimized4nyx...
Saved to docs/bg/lektionen/schrift01.md
Translating test_part.md (2.3 KB) to Български using gemma4:26b-optimized4nyx...
Saved to docs/bg/test_part.md
Translating uebung04.md (1.7 KB) to Български using gemma4:26b-optimized4nyx...
Saved to docs/bg/lektionen/uebung04.md
Translating uebung45.md (2.1 KB) to Български using gemma4:26b-optimized4nyx...
Saved to docs/bg/lektionen/uebung45.md
Translating uebung02.md (2.0 KB) to Български using gemma4:26b-optimized4nyx...
Saved to docs/bg/lektionen/uebung02.md
Translating lektion55.md (2.2 KB) to Български using gemma4:26b-optimized4nyx...
Saved to docs/bg/lektionen/lektion55.md
Translating uebung19.md (2.1 KB) to Български using gemma4:26b-optimized4nyx...
Attempt 1 failed: read ETIMEDOUT
Attempt 2 failed: read ETIMEDOUT
Attempt 3 failed: read ETIMEDOUT
Saved to docs/bg/lektionen/uebung19.md
Translating uebung09.md (2.7 KB) to Български using gemma4:26b-optimized4nyx...
Saved to docs/bg/lektionen/uebung09.md
Translating schrift10.md (1.9 KB) to Български using gemma4:26b-optimized4nyx...
Saved to docs/bg/lektionen/schrift10.md
Translating uebung55.md (2.5 KB) to Български using gemma4:26b-optimized4nyx...
Saved to docs/bg/lektionen/uebung55.md
Translating uebung03.md (2.4 KB) to Български using gemma4:26b-optimized4nyx...
Saved to docs/bg/lektionen/uebung03.md
Translating uebung26.md (2.0 KB) to Български using gemma4:26b-optimized4nyx...
Saved to docs/bg/lektionen/uebung26.md
Translating uebung29.md (2.8 KB) to Български using gemma4:26b-optimized4nyx...
Saved to docs/bg/lektionen/uebung29.md
Translating uebung34.md (2.5 KB) to Български using gemma4:26b-optimized4nyx...
Saved to docs/bg/lektionen/uebung34.md
Translating schrift08.md (3.1 KB) to Български using gemma4:26b-optimized4nyx...
Saved to docs/bg/lektionen/schrift08.md
Translating uebung46.md (3.2 KB) to Български using gemma4:26b-optimized4nyx...
Saved to docs/bg/lektionen/uebung46.md
Translating uebung27.md (2.6 KB) to Български using gemma4:26b-optimized4nyx...
Saved to docs/bg/lektionen/uebung27.md
Translating uebung39.md (2.4 KB) to Български using gemma4:26b-optimized4nyx...
Saved to docs/bg/lektionen/uebung39.md
Translating uebung31.md (3.0 KB) to Български using gemma4:26b-optimized4nyx...
Saved to docs/bg/lektionen/uebung31.md
Translating uebung12.md (3.1 KB) to Български using gemma4:26b-optimized4nyx...
Saved to docs/bg/lektionen/uebung12.md
Translating uebung60.md (4.0 KB) to Български using gemma4:26b-optimized4nyx...
Saved to docs/bg/lektionen/uebung60.md
Translating uebung49.md (3.7 KB) to Български using gemma4:26b-optimized4nyx...
Saved to docs/bg/lektionen/uebung49.md
Translating uebung47.md (3.5 KB) to Български using gemma4:26b-optimized4nyx...
Attempt 1 failed: read ETIMEDOUT
Attempt 2 failed: read ETIMEDOUT
Attempt 3 failed: read ETIMEDOUT
Attempt 4 failed: read ETIMEDOUT
Attempt 5 failed: read ETIMEDOUT
Cloud failed for uebung47.md. Switching to nyx.local fallback...
Attempt 1 failed: read ETIMEDOUT
Attempt 2 failed: read ETIMEDOUT
Saved to docs/bg/lektionen/uebung47.md
Translating uebung18.md (3.7 KB) to Български using gemma4:26b-optimized4nyx...
Saved to docs/bg/lektionen/uebung18.md
Translating uebung41.md (4.4 KB) to Български using gemma4:26b-optimized4nyx...
Saved to docs/bg/lektionen/uebung41.md
Translating uebung50.md (4.0 KB) to Български using gemma4:26b-optimized4nyx...
Attempt 1 failed: read ETIMEDOUT
Attempt 2 failed: read ETIMEDOUT
Attempt 3 failed: read ETIMEDOUT
Attempt 4 failed: read ETIMEDOUT
Attempt 5 failed: read ETIMEDOUT
Cloud failed for uebung50.md. Switching to nyx.local fallback...
Attempt 1 failed: read ETIMEDOUT
Attempt 2 failed: read ETIMEDOUT
Attempt 3 failed: read ETIMEDOUT
Attempt 4 failed: read ETIMEDOUT
Attempt 5 failed: read ETIMEDOUT
Attempt 6 failed: read ETIMEDOUT
Attempt 7 failed: read ETIMEDOUT
Attempt 8 failed: read ETIMEDOUT
Attempt 9 failed: read ETIMEDOUT
Attempt 10 failed: read ETIMEDOUT
Final failure for docs/lektionen/uebung50.md even with local fallback: read ETIMEDOUT
Translating uebung58.md (4.7 KB) to Български using gemma4:26b-optimized4nyx...
Attempt 1 failed: read ETIMEDOUT
Attempt 2 failed: read ETIMEDOUT
Attempt 3 failed: read ETIMEDOUT
Attempt 4 failed: read ETIMEDOUT
Attempt 5 failed: read ETIMEDOUT
Cloud failed for uebung58.md. Switching to nyx.local fallback...
Attempt 1 failed: read ETIMEDOUT
Attempt 2 failed: read ETIMEDOUT
Attempt 3 failed: read ETIMEDOUT
Attempt 4 failed: read ETIMEDOUT
Attempt 5 failed: read ETIMEDOUT
Attempt 6 failed: read ETIMEDOUT
Attempt 7 failed: read ETIMEDOUT
Attempt 8 failed: read ETIMEDOUT
Attempt 9 failed: read ETIMEDOUT
Attempt 10 failed: read ETIMEDOUT
Final failure for docs/lektionen/uebung58.md even with local fallback: read ETIMEDOUT
Translating lektion26.md (4.6 KB) to Български using gemma4:26b-optimized4nyx...
Attempt 1 failed: read ETIMEDOUT
Attempt 2 failed: read ETIMEDOUT
Attempt 3 failed: read ETIMEDOUT
Attempt 4 failed: read ETIMEDOUT
Attempt 5 failed: read ETIMEDOUT
Cloud failed for lektion26.md. Switching to nyx.local fallback...
Attempt 1 failed: 
Attempt 2 failed: read ETIMEDOUT
Attempt 3 failed: read ETIMEDOUT
Attempt 4 failed: read ETIMEDOUT
Attempt 5 failed: read ETIMEDOUT
Attempt 6 failed: read ETIMEDOUT
Attempt 7 failed: read ETIMEDOUT
Attempt 8 failed: read ETIMEDOUT
Attempt 9 failed: read ETIMEDOUT
Attempt 10 failed: read ETIMEDOUT
Final failure for docs/lektionen/lektion26.md even with local fallback: read ETIMEDOUT
Translating uebung35.md (3.3 KB) to Български using gemma4:26b-optimized4nyx...
Attempt 1 failed: read ETIMEDOUT
Attempt 2 failed: read ETIMEDOUT
Attempt 3 failed: read ETIMEDOUT
Attempt 4 failed: read ETIMEDOUT
Attempt 5 failed: read ETIMEDOUT
Cloud failed for uebung35.md. Switching to nyx.local fallback...
Attempt 1 failed: read ETIMEDOUT
Attempt 2 failed: read ETIMEDOUT
Attempt 3 failed: read ETIMEDOUT
Attempt 4 failed: read ETIMEDOUT
Attempt 5 failed: read ETIMEDOUT
Attempt 6 failed: read ETIMEDOUT
Attempt 7 failed: read ETIMEDOUT
Attempt 8 failed: read ETIMEDOUT
Attempt 9 failed: read ETIMEDOUT
Attempt 10 failed: read ETIMEDOUT
Final failure for docs/lektionen/uebung35.md even with local fallback: read ETIMEDOUT
Translating lektion04.md (5.1 KB) to Български using gemma4:26b-optimized4nyx...
Attempt 1 failed: read ETIMEDOUT
Attempt 2 failed: read ETIMEDOUT
Attempt 3 failed: read ETIMEDOUT
Attempt 4 failed: read ETIMEDOUT
Attempt 5 failed: read ETIMEDOUT
Cloud failed for lektion04.md. Switching to nyx.local fallback...
Attempt 1 failed: read ETIMEDOUT
Attempt 2 failed: read ETIMEDOUT
Attempt 3 failed: read ETIMEDOUT
Attempt 4 failed: read ETIMEDOUT
Attempt 5 failed: read ETIMEDOUT
Attempt 6 failed: read ETIMEDOUT
Attempt 7 failed: read ETIMEDOUT
Attempt 8 failed: read ETIMEDOUT
Attempt 9 failed: read ETIMEDOUT
Attempt 10 failed: read ETIMEDOUT
Final failure for docs/lektionen/lektion04.md even with local fallback: read ETIMEDOUT
Translating uebung56.md (4.7 KB) to Български using gemma4:26b-optimized4nyx...
Attempt 1 failed: read ETIMEDOUT
Attempt 2 failed: read ETIMEDOUT
Attempt 3 failed: read ETIMEDOUT
Attempt 4 failed: read ETIMEDOUT
Attempt 5 failed: read ETIMEDOUT
Cloud failed for uebung56.md. Switching to nyx.local fallback...
Attempt 1 failed: read ETIMEDOUT
Attempt 2 failed: read ETIMEDOUT
Attempt 3 failed: read ETIMEDOUT
Attempt 4 failed: read ETIMEDOUT
Attempt 5 failed: read ETIMEDOUT
Attempt 6 failed: read ETIMEDOUT
Attempt 7 failed: read ETIMEDOUT
Attempt 8 failed: read ETIMEDOUT
Attempt 9 failed: read ETIMEDOUT
Attempt 10 failed: read ETIMEDOUT
Final failure for docs/lektionen/uebung56.md even with local fallback: read ETIMEDOUT
Translating uebung07.md (4.2 KB) to Български using gemma4:26b-optimized4nyx...
Attempt 1 failed: read ETIMEDOUT
Attempt 2 failed: read ETIMEDOUT
