Found 138 files to translate. Using concurrency: 1
Translating test.md (0.0 KB) to Български using gemma4:26b-optimized4nyx...
Saved to docs/bg/test.md
Translating themen.md (0.3 KB) to Български using gemma4:26b-optimized4nyx...
Attempt 1 failed: read ETIMEDOUT
Attempt 2 failed: read ETIMEDOUT
Attempt 3 failed: read ETIMEDOUT
Attempt 4 failed: read ETIMEDOUT
Attempt 5 failed: read ETIMEDOUT
Cloud failed for themen.md. Switching to nyx.local fallback...
Attempt 1 failed: 
Attempt 2 failed: read ETIMEDOUT
Attempt 3 failed: read ETIMEDOUT
Attempt 4 failed: read ETIMEDOUT
Attempt 5 failed: read ETIMEDOUT
Attempt 6 failed: read ETIMEDOUT
Attempt 7 failed: read ETIMEDOUT
Attempt 8 failed: read ETIMEDOUT
Attempt 9 failed: read ETIMEDOUT
Attempt 10 failed: read ETIMEDOUT
Final failure for docs/themen.md even with local fallback: read ETIMEDOUT
Translating schrift02.md (0.3 KB) to Български using gemma4:26b-optimized4nyx...
Attempt 1 failed: read ETIMEDOUT
Attempt 2 failed: read ETIMEDOUT
Attempt 3 failed: read ETIMEDOUT
Attempt 4 failed: read ETIMEDOUT
Attempt 5 failed: read ETIMEDOUT
Cloud failed for schrift02.md. Switching to nyx.local fallback...
Saved to docs/bg/lektionen/schrift02.md
Translating schrift05.md (0.4 KB) to Български using gemma4:26b-optimized4nyx...
Saved to docs/bg/lektionen/schrift05.md
Translating schrift03.md (0.5 KB) to Български using gemma4:26b-optimized4nyx...
Saved to docs/bg/lektionen/schrift03.md
Translating schrift11.md (0.6 KB) to Български using gemma4:26b-optimized4nyx...
Saved to docs/bg/lektionen/schrift11.md
Translating impressum.md (0.9 KB) to Български using gemma4:26b-optimized4nyx...
Saved to docs/bg/impressum.md
Translating schrift04.md (0.6 KB) to Български using gemma4:26b-optimized4nyx...
Saved to docs/bg/lektionen/schrift04.md
Translating schrift09.md (1.3 KB) to Български using gemma4:26b-optimized4nyx...
Saved to docs/bg/lektionen/schrift09.md
Translating schrift06.md (1.0 KB) to Български using gemma4:26b-optimized4nyx...
Saved to docs/bg/lektionen/schrift06.md
Translating uebung21.md (1.3 KB) to Български using gemma4:26b-optimized4nyx...
Saved to docs/bg/lektionen/uebung21.md
Translating schrift07.md (1.3 KB) to Български using gemma4:26b-optimized4nyx...
Attempt 1 failed: read ETIMEDOUT
Attempt 2 failed: read ETIMEDOUT
Attempt 3 failed: read ETIMEDOUT
Attempt 4 failed: read ETIMEDOUT
Attempt 5 failed: read ETIMEDOUT
Cloud failed for schrift07.md. Switching to nyx.local fallback...
Attempt 1 failed: 
Attempt 2 failed: read ETIMEDOUT
Attempt 3 failed: read ETIMEDOUT
Saved to docs/bg/lektionen/schrift07.md
Translating uebung54.md (1.4 KB) to Български using gemma4:26b-optimized4nyx...
Attempt 1 failed: read ETIMEDOUT
Attempt 2 failed: read ETIMEDOUT
Attempt 3 failed: read ETIMEDOUT
Attempt 4 failed: read ETIMEDOUT
Attempt 5 failed: read ETIMEDOUT
Cloud failed for uebung54.md. Switching to nyx.local fallback...
Attempt 1 failed: read ETIMEDOUT
Attempt 2 failed: read ETIMEDOUT
Attempt 3 failed: read ETIMEDOUT
Attempt 4 failed: read ETIMEDOUT
Attempt 5 failed: read ETIMEDOUT
Attempt 6 failed: read ETIMEDOUT
Attempt 7 failed: read ETIMEDOUT
Attempt 8 failed: read ETIMEDOUT
Attempt 9 failed: read ETIMEDOUT
Attempt 10 failed: read ETIMEDOUT
Final failure for docs/lektionen/uebung54.md even with local fallback: read ETIMEDOUT
Translating schrift01.md (2.0 KB) to Български using gemma4:26b-optimized4nyx...
Attempt 1 failed: read ETIMEDOUT
Attempt 2 failed: read ETIMEDOUT
Attempt 3 failed: read ETIMEDOUT
Attempt 4 failed: read ETIMEDOUT
Attempt 5 failed: read ETIMEDOUT
Cloud failed for schrift01.md. Switching to nyx.local fallback...
Attempt 1 failed: read ETIMEDOUT
Attempt 2 failed: read ETIMEDOUT
Attempt 3 failed: read ETIMEDOUT
Attempt 4 failed: read ETIMEDOUT
Attempt 5 failed: read ETIMEDOUT
Attempt 6 failed: read ETIMEDOUT
Attempt 7 failed: read ETIMEDOUT
Attempt 8 failed: read ETIMEDOUT
Attempt 9 failed: read ETIMEDOUT
Attempt 10 failed: read ETIMEDOUT
Final failure for docs/lektionen/schrift01.md even with local fallback: read ETIMEDOUT
Translating test_part.md (2.3 KB) to Български using gemma4:26b-optimized4nyx...
Attempt 1 failed: connect ETIMEDOUT 192.168.1.195:11434
Attempt 2 failed: read ETIMEDOUT
Attempt 3 failed: read ETIMEDOUT
Attempt 4 failed: read ETIMEDOUT
Attempt 5 failed: read ETIMEDOUT
Cloud failed for test_part.md. Switching to nyx.local fallback...
Attempt 1 failed: read ETIMEDOUT
Attempt 2 failed: read ETIMEDOUT
Attempt 3 failed: read ETIMEDOUT
Attempt 4 failed: read ETIMEDOUT
Attempt 5 failed: read ETIMEDOUT
Attempt 6 failed: read ETIMEDOUT
Attempt 7 failed: read ETIMEDOUT
Attempt 8 failed: read ETIMEDOUT
Attempt 9 failed: read ETIMEDOUT
Attempt 10 failed: read ETIMEDOUT
Final failure for docs/test_part.md even with local fallback: read ETIMEDOUT
Translating uebung04.md (1.7 KB) to Български using gemma4:26b-optimized4nyx...
Saved to docs/bg/lektionen/uebung04.md
Translating uebung45.md (2.1 KB) to Български using gemma4:26b-optimized4nyx...
Saved to docs/bg/lektionen/uebung45.md
Translating uebung02.md (2.0 KB) to Български using gemma4:26b-optimized4nyx...
Saved to docs/bg/lektionen/uebung02.md
Translating lektion55.md (2.2 KB) to Български using gemma4:26b-optimized4nyx...
Saved to docs/bg/lektionen/lektion55.md
Translating uebung19.md (2.1 KB) to Български using gemma4:26b-optimized4nyx...
Saved to docs/bg/lektionen/uebung19.md
Translating uebung09.md (2.7 KB) to Български using gemma4:26b-optimized4nyx...
Saved to docs/bg/lektionen/uebung09.md
Translating schrift10.md (1.9 KB) to Български using gemma4:26b-optimized4nyx...
Saved to docs/bg/lektionen/schrift10.md
Translating uebung55.md (2.5 KB) to Български using gemma4:26b-optimized4nyx...
Saved to docs/bg/lektionen/uebung55.md
Translating uebung03.md (2.4 KB) to Български using gemma4:26b-optimized4nyx...
Saved to docs/bg/lektionen/uebung03.md
Translating uebung26.md (2.0 KB) to Български using gemma4:26b-optimized4nyx...
Saved to docs/bg/lektionen/uebung26.md
Translating uebung29.md (2.8 KB) to Български using gemma4:26b-optimized4nyx...
Saved to docs/bg/lektionen/uebung29.md
Translating uebung34.md (2.5 KB) to Български using gemma4:26b-optimized4nyx...
Saved to docs/bg/lektionen/uebung34.md
Translating schrift08.md (3.1 KB) to Български using gemma4:26b-optimized4nyx...
Saved to docs/bg/lektionen/schrift08.md
Translating uebung46.md (3.2 KB) to Български using gemma4:26b-optimized4nyx...
Saved to docs/bg/lektionen/uebung46.md
Translating uebung27.md (2.6 KB) to Български using gemma4:26b-optimized4nyx...
Saved to docs/bg/lektionen/uebung27.md
Translating uebung39.md (2.4 KB) to Български using gemma4:26b-optimized4nyx...
Saved to docs/bg/lektionen/uebung39.md
Translating uebung31.md (3.0 KB) to Български using gemma4:26b-optimized4nyx...
Saved to docs/bg/lektionen/uebung31.md
Translating uebung12.md (3.1 KB) to Български using gemma4:26b-optimized4nyx...
Saved to docs/bg/lektionen/uebung12.md
Translating uebung60.md (4.0 KB) to Български using gemma4:26b-optimized4nyx...
Saved to docs/bg/lektionen/uebung60.md
Translating uebung49.md (3.7 KB) to Български using gemma4:26b-optimized4nyx...
Saved to docs/bg/lektionen/uebung49.md
Translating uebung47.md (3.5 KB) to Български using gemma4:26b-optimized4nyx...
Saved to docs/bg/lektionen/uebung47.md
Translating uebung18.md (3.7 KB) to Български using gemma4:26b-optimized4nyx...
Saved to docs/bg/lektionen/uebung18.md
Translating uebung41.md (4.4 KB) to Български using gemma4:26b-optimized4nyx...
Saved to docs/bg/lektionen/uebung41.md
Translating uebung50.md (4.0 KB) to Български using gemma4:26b-optimized4nyx...
Saved to docs/bg/lektionen/uebung50.md
Translating uebung58.md (4.7 KB) to Български using gemma4:26b-optimized4nyx...
Saved to docs/bg/lektionen/uebung58.md
Translating lektion26.md (4.6 KB) to Български using gemma4:26b-optimized4nyx...
Saved to docs/bg/lektionen/lektion26.md
Translating uebung35.md (3.3 KB) to Български using gemma4:26b-optimized4nyx...
Saved to docs/bg/lektionen/uebung35.md
Translating lektion04.md (5.1 KB) to Български using gemma4:26b-optimized4nyx...
Saved to docs/bg/lektionen/lektion04.md
Translating uebung56.md (4.7 KB) to Български using gemma4:26b-optimized4nyx...
Saved to docs/bg/lektionen/uebung56.md
Translating uebung07.md (4.2 KB) to Български using gemma4:26b-optimized4nyx...
Saved to docs/bg/lektionen/uebung07.md
Translating grammatik.md (7.0 KB) to Български using gemma4:26b-optimized4nyx...
Saved to docs/bg/grammatik.md
Translating uebung08.md (5.3 KB) to Български using gemma4:26b-optimized4nyx...
Attempt 1 failed: read ETIMEDOUT
Attempt 2 failed: connect ETIMEDOUT 192.168.1.195:11434
Attempt 3 failed: read ETIMEDOUT
Attempt 4 failed: connect ETIMEDOUT 192.168.1.195:11434
Attempt 5 failed: read ETIMEDOUT
Cloud failed for uebung08.md. Switching to nyx.local fallback...
Attempt 1 failed: 
Attempt 2 failed: 
Attempt 3 failed: read ETIMEDOUT
Attempt 4 failed: 
Attempt 5 failed: read ETIMEDOUT
Attempt 6 failed: 
Attempt 7 failed: 
Attempt 8 failed: read ETIMEDOUT
Attempt 9 failed: 
Attempt 10 failed: read ETIMEDOUT
Final failure for docs/lektionen/uebung08.md even with local fallback: read ETIMEDOUT
Translating uebung05.md (4.8 KB) to Български using gemma4:26b-optimized4nyx...
Attempt 1 failed: connect ETIMEDOUT 192.168.1.195:11434
Attempt 2 failed: connect ETIMEDOUT 192.168.1.195:11434
Attempt 3 failed: read ETIMEDOUT
Attempt 4 failed: connect ETIMEDOUT 192.168.1.195:11434
Attempt 5 failed: read ETIMEDOUT
Cloud failed for uebung05.md. Switching to nyx.local fallback...
Attempt 1 failed: 
Attempt 2 failed: 
Attempt 3 failed: read ETIMEDOUT
Attempt 4 failed: 
Attempt 5 failed: read ETIMEDOUT
Attempt 6 failed: 
Attempt 7 failed: read ETIMEDOUT
Attempt 8 failed: 
Attempt 9 failed: read ETIMEDOUT
Attempt 10 failed: 
Final failure for docs/lektionen/uebung05.md even with local fallback: 
Translating lektion45.md (5.1 KB) to Български using gemma4:26b-optimized4nyx...
Attempt 1 failed: connect ETIMEDOUT 192.168.1.195:11434
Attempt 2 failed: connect ETIMEDOUT 192.168.1.195:11434
Attempt 3 failed: read ETIMEDOUT
Attempt 4 failed: connect ETIMEDOUT 192.168.1.195:11434
Attempt 5 failed: read ETIMEDOUT
Cloud failed for lektion45.md. Switching to nyx.local fallback...
Attempt 1 failed: 
Attempt 2 failed: 
Attempt 3 failed: read ETIMEDOUT
Attempt 4 failed: 
Attempt 5 failed: read ETIMEDOUT
Attempt 6 failed: 
Attempt 7 failed: read ETIMEDOUT
Attempt 8 failed: 
Attempt 9 failed: read ETIMEDOUT
Attempt 10 failed: 
Final failure for docs/lektionen/lektion45.md even with local fallback: 
Translating uebung42.md (4.5 KB) to Български using gemma4:26b-optimized4nyx...
Attempt 1 failed: connect ETIMEDOUT 192.168.1.195:11434
Attempt 2 failed: read ETIMEDOUT
Attempt 3 failed: connect ETIMEDOUT 192.168.1.195:11434
Attempt 4 failed: read ETIMEDOUT
Attempt 5 failed: connect ETIMEDOUT 192.168.1.195:11434
Cloud failed for uebung42.md. Switching to nyx.local fallback...
Attempt 1 failed: 
Attempt 2 failed: read ETIMEDOUT
Attempt 3 failed: 
Attempt 4 failed: read ETIMEDOUT
Attempt 5 failed: 
Attempt 6 failed: read ETIMEDOUT
Attempt 7 failed: 
Attempt 8 failed: 
Attempt 9 failed: read ETIMEDOUT
Attempt 10 failed: 
Final failure for docs/lektionen/uebung42.md even with local fallback: 
Translating uebung22.md (3.9 KB) to Български using gemma4:26b-optimized4nyx...
Attempt 1 failed: connect ETIMEDOUT 192.168.1.195:11434
Attempt 2 failed: read ETIMEDOUT
Attempt 3 failed: connect ETIMEDOUT 192.168.1.195:11434
Saved to docs/bg/lektionen/uebung22.md
Translating lektion01.md (6.9 KB) to Български using gemma4:26b-optimized4nyx...
Saved to docs/bg/lektionen/lektion01.md
Translating lektion09.md (6.8 KB) to Български using gemma4:26b-optimized4nyx...
