Found 138 files to translate. Using concurrency: 1
Translating test.md (0.0 KB) to Български using gemma4:26b-a4b-it-q4_K_M...
Saved to docs/bg/test.md
Translating themen.md (0.3 KB) to Български using gemma4:26b-a4b-it-q4_K_M...
Saved to docs/bg/themen.md
Translating schrift02.md (0.3 KB) to Български using gemma4:26b-a4b-it-q4_K_M...
Saved to docs/bg/lektionen/schrift02.md
Translating schrift05.md (0.4 KB) to Български using gemma4:26b-a4b-it-q4_K_M...
Saved to docs/bg/lektionen/schrift05.md
Translating schrift03.md (0.5 KB) to Български using gemma4:26b-a4b-it-q4_K_M...
Saved to docs/bg/lektionen/schrift03.md
Translating schrift11.md (0.6 KB) to Български using gemma4:26b-a4b-it-q4_K_M...
Saved to docs/bg/lektionen/schrift11.md
Translating impressum.md (0.9 KB) to Български using gemma4:26b-a4b-it-q4_K_M...
Saved to docs/bg/impressum.md
Translating schrift04.md (0.6 KB) to Български using gemma4:26b-a4b-it-q4_K_M...
Saved to docs/bg/lektionen/schrift04.md
Translating schrift09.md (1.3 KB) to Български using gemma4:26b-a4b-it-q4_K_M...
Saved to docs/bg/lektionen/schrift09.md
Translating schrift06.md (1.0 KB) to Български using gemma4:26b-a4b-it-q4_K_M...
Saved to docs/bg/lektionen/schrift06.md
Translating uebung21.md (1.3 KB) to Български using gemma4:26b-a4b-it-q4_K_M...
Saved to docs/bg/lektionen/uebung21.md
Translating schrift07.md (1.3 KB) to Български using gemma4:26b-a4b-it-q4_K_M...
Saved to docs/bg/lektionen/schrift07.md
Translating uebung54.md (1.4 KB) to Български using gemma4:26b-a4b-it-q4_K_M...
Saved to docs/bg/lektionen/uebung54.md
Translating schrift01.md (2.0 KB) to Български using gemma4:26b-a4b-it-q4_K_M...
Saved to docs/bg/lektionen/schrift01.md
Translating test_part.md (2.3 KB) to Български using gemma4:26b-a4b-it-q4_K_M...
Saved to docs/bg/test_part.md
Translating uebung04.md (1.7 KB) to Български using gemma4:26b-a4b-it-q4_K_M...
Saved to docs/bg/lektionen/uebung04.md
Translating uebung45.md (2.1 KB) to Български using gemma4:26b-a4b-it-q4_K_M...
Saved to docs/bg/lektionen/uebung45.md
Translating uebung02.md (2.0 KB) to Български using gemma4:26b-a4b-it-q4_K_M...
Saved to docs/bg/lektionen/uebung02.md
Translating lektion55.md (2.2 KB) to Български using gemma4:26b-a4b-it-q4_K_M...
Saved to docs/bg/lektionen/lektion55.md
Translating uebung19.md (2.1 KB) to Български using gemma4:26b-a4b-it-q4_K_M...
Saved to docs/bg/lektionen/uebung19.md
Translating uebung09.md (2.7 KB) to Български using gemma4:26b-a4b-it-q4_K_M...
Saved to docs/bg/lektionen/uebung09.md
Translating schrift10.md (1.9 KB) to Български using gemma4:26b-a4b-it-q4_K_M...
Saved to docs/bg/lektionen/schrift10.md
Translating uebung55.md (2.5 KB) to Български using gemma4:26b-a4b-it-q4_K_M...
Saved to docs/bg/lektionen/uebung55.md
Translating uebung03.md (2.4 KB) to Български using gemma4:26b-a4b-it-q4_K_M...
Saved to docs/bg/lektionen/uebung03.md
Translating uebung26.md (2.0 KB) to Български using gemma4:26b-a4b-it-q4_K_M...
Saved to docs/bg/lektionen/uebung26.md
Translating uebung29.md (2.8 KB) to Български using gemma4:26b-a4b-it-q4_K_M...
Saved to docs/bg/lektionen/uebung29.md
Translating uebung34.md (2.5 KB) to Български using gemma4:26b-a4b-it-q4_K_M...
Saved to docs/bg/lektionen/uebung34.md
Translating schrift08.md (3.1 KB) to Български using gemma4:26b-a4b-it-q4_K_M...
Saved to docs/bg/lektionen/schrift08.md
Translating uebung46.md (3.2 KB) to Български using gemma4:26b-a4b-it-q4_K_M...
Saved to docs/bg/lektionen/uebung46.md
Translating uebung27.md (2.6 KB) to Български using gemma4:26b-a4b-it-q4_K_M...
Saved to docs/bg/lektionen/uebung27.md
Translating uebung39.md (2.4 KB) to Български using gemma4:26b-a4b-it-q4_K_M...
Saved to docs/bg/lektionen/uebung39.md
Translating uebung31.md (3.0 KB) to Български using gemma4:26b-a4b-it-q4_K_M...
Saved to docs/bg/lektionen/uebung31.md
Translating uebung12.md (3.1 KB) to Български using gemma4:26b-a4b-it-q4_K_M...
Saved to docs/bg/lektionen/uebung12.md
Translating uebung60.md (4.0 KB) to Български using gemma4:26b-a4b-it-q4_K_M...
Saved to docs/bg/lektionen/uebung60.md
Translating uebung49.md (3.7 KB) to Български using gemma4:26b-a4b-it-q4_K_M...
Saved to docs/bg/lektionen/uebung49.md
Translating uebung47.md (3.5 KB) to Български using gemma4:26b-a4b-it-q4_K_M...
Saved to docs/bg/lektionen/uebung47.md
Translating uebung18.md (3.7 KB) to Български using gemma4:26b-a4b-it-q4_K_M...
Saved to docs/bg/lektionen/uebung18.md
Translating uebung41.md (4.4 KB) to Български using gemma4:26b-a4b-it-q4_K_M...
Saved to docs/bg/lektionen/uebung41.md
Translating uebung50.md (4.0 KB) to Български using gemma4:26b-a4b-it-q4_K_M...
Saved to docs/bg/lektionen/uebung50.md
Translating uebung58.md (4.7 KB) to Български using gemma4:26b-a4b-it-q4_K_M...
Saved to docs/bg/lektionen/uebung58.md
Translating lektion26.md (4.6 KB) to Български using gemma4:26b-a4b-it-q4_K_M...
Saved to docs/bg/lektionen/lektion26.md
Translating uebung35.md (3.3 KB) to Български using gemma4:26b-a4b-it-q4_K_M...
Saved to docs/bg/lektionen/uebung35.md
Translating lektion04.md (5.1 KB) to Български using gemma4:26b-a4b-it-q4_K_M...
Saved to docs/bg/lektionen/lektion04.md
Translating uebung56.md (4.7 KB) to Български using gemma4:26b-a4b-it-q4_K_M...
Saved to docs/bg/lektionen/uebung56.md
Translating uebung07.md (4.2 KB) to Български using gemma4:26b-a4b-it-q4_K_M...
Saved to docs/bg/lektionen/uebung07.md
Translating grammatik.md (7.0 KB) to Български using gemma4:26b-a4b-it-q4_K_M...
Saved to docs/bg/grammatik.md
Translating uebung08.md (5.3 KB) to Български using gemma4:26b-a4b-it-q4_K_M...
Saved to docs/bg/lektionen/uebung08.md
Translating uebung05.md (4.8 KB) to Български using gemma4:26b-a4b-it-q4_K_M...
Saved to docs/bg/lektionen/uebung05.md
Translating lektion45.md (5.1 KB) to Български using gemma4:26b-a4b-it-q4_K_M...
Saved to docs/bg/lektionen/lektion45.md
Translating uebung42.md (4.5 KB) to Български using gemma4:26b-a4b-it-q4_K_M...
Saved to docs/bg/lektionen/uebung42.md
Translating uebung22.md (3.9 KB) to Български using gemma4:26b-a4b-it-q4_K_M...
Saved to docs/bg/lektionen/uebung22.md
Translating lektion01.md (6.9 KB) to Български using gemma4:26b-a4b-it-q4_K_M...
Saved to docs/bg/lektionen/lektion01.md
Translating lektion09.md (6.8 KB) to Български using gemma4:26b-a4b-it-q4_K_M...
Saved to docs/bg/lektionen/lektion09.md
Translating uebung44.md (5.4 KB) to Български using gemma4:26b-a4b-it-q4_K_M...
Saved to docs/bg/lektionen/uebung44.md
Translating uebung14.md (4.4 KB) to Български using gemma4:26b-a4b-it-q4_K_M...
Saved to docs/bg/lektionen/uebung14.md
Translating uebung52.md (5.3 KB) to Български using gemma4:26b-a4b-it-q4_K_M...
Saved to docs/bg/lektionen/uebung52.md
Translating uebung17.md (4.6 KB) to Български using gemma4:26b-a4b-it-q4_K_M...
Saved to docs/bg/lektionen/uebung17.md
Translating lektion11.md (6.7 KB) to Български using gemma4:26b-a4b-it-q4_K_M...
Saved to docs/bg/lektionen/lektion11.md
Translating uebung57.md (6.2 KB) to Български using gemma4:26b-a4b-it-q4_K_M...
Saved to docs/bg/lektionen/uebung57.md
Translating uebung48.md (6.0 KB) to Български using gemma4:26b-a4b-it-q4_K_M...
Saved to docs/bg/lektionen/uebung48.md
Translating lektion31.md (6.2 KB) to Български using gemma4:26b-a4b-it-q4_K_M...
Saved to docs/bg/lektionen/lektion31.md
Translating uebung38.md (5.0 KB) to Български using gemma4:26b-a4b-it-q4_K_M...
