
> sanskritkurs-pipeline@1.1.2 docs:build
> vitepress build docs


  vitepress v1.6.4

- building client + server bundles...
x Build failed in 1.43s
[31m✖[0m building client + server bundles...
build error:
[vite:vue] [plugin vite:vue] docs/es/lektionen/lektion37.md (312:62): Element is missing end tag.
file: /Volumes/SanDisk1TB/proj/Payer/docs/es/lektionen/lektion37.md:312:62
[vite:vue] [plugin vite:vue] docs/es/lektionen/lektion37.md (312:62): Element is missing end tag.
file: /Volumes/SanDisk1TB/proj/Payer/docs/es/lektionen/lektion37.md:312:62
SyntaxError: [plugin vite:vue] docs/es/lektionen/lektion37.md (312:62): Element is missing end tag.
    at createCompilerError (/Volumes/SanDisk1TB/proj/Payer/node_modules/@vue/compiler-core/dist/compiler-core.cjs.prod.js:1374:17)
    at emitError (/Volumes/SanDisk1TB/proj/Payer/node_modules/@vue/compiler-core/dist/compiler-core.cjs.prod.js:2980:5)
    at Object.onclosetag (/Volumes/SanDisk1TB/proj/Payer/node_modules/@vue/compiler-core/dist/compiler-core.cjs.prod.js:2377:13)
    at Tokenizer.stateInClosingTagName (/Volumes/SanDisk1TB/proj/Payer/node_modules/@vue/compiler-core/dist/compiler-core.cjs.prod.js:799:16)
    at Tokenizer.parse (/Volumes/SanDisk1TB/proj/Payer/node_modules/@vue/compiler-core/dist/compiler-core.cjs.prod.js:1157:16)
    at Object.baseParse (/Volumes/SanDisk1TB/proj/Payer/node_modules/@vue/compiler-core/dist/compiler-core.cjs.prod.js:3012:13)
    at Object.parse (/Volumes/SanDisk1TB/proj/Payer/node_modules/@vue/compiler-dom/dist/compiler-dom.cjs.prod.js:665:23)
    at Object.parse$1 [as parse] (/Volumes/SanDisk1TB/proj/Payer/node_modules/@vue/compiler-sfc/dist/compiler-sfc.cjs.js:1824:24)
    at createDescriptor (file:///Volumes/SanDisk1TB/proj/Payer/node_modules/@vitejs/plugin-vue/dist/index.mjs:71:43)
    at transformMain (file:///Volumes/SanDisk1TB/proj/Payer/node_modules/@vitejs/plugin-vue/dist/index.mjs:2421:34)
