
> sanskritkurs-pipeline@1.1.2 docs:build
> vitepress build docs


  vitepress v1.6.4

- building client + server bundles...

(!) Some chunks are larger than 500 kB after minification. Consider:
- Using dynamic import() to code-split the application
- Use build.rollupOptions.output.manualChunks to improve chunking: https://rollupjs.org/configuration-options/#output-manualchunks
- Adjust chunk size limit for this warning via build.chunkSizeWarningLimit.
[32m✓[0m building client + server bundles...
- rendering pages...
ReferenceError: _0 is not defined
    at setup (file:///Volumes/SanDisk1TB/proj/Payer/docs/.vitepress/.temp/it_lektionen_uebung55.md.js:13:17)
    at _sfc_main.setup (file:///Volumes/SanDisk1TB/proj/Payer/docs/.vitepress/.temp/it_lektionen_uebung55.md.js:38:23)
    at callWithErrorHandling (/Volumes/SanDisk1TB/proj/Payer/node_modules/@vue/runtime-core/dist/runtime-core.cjs.prod.js:86:19)
    at setupStatefulComponent (/Volumes/SanDisk1TB/proj/Payer/node_modules/@vue/runtime-core/dist/runtime-core.cjs.prod.js:6489:25)
    at setupComponent (/Volumes/SanDisk1TB/proj/Payer/node_modules/@vue/runtime-core/dist/runtime-core.cjs.prod.js:6476:36)
    at renderComponentVNode (/Volumes/SanDisk1TB/proj/Payer/node_modules/@vue/server-renderer/dist/server-renderer.cjs.prod.js:402:15)
    at renderVNode (/Volumes/SanDisk1TB/proj/Payer/node_modules/@vue/server-renderer/dist/server-renderer.cjs.prod.js:533:14)
    at renderVNodeChildren (/Volumes/SanDisk1TB/proj/Payer/node_modules/@vue/server-renderer/dist/server-renderer.cjs.prod.js:549:5)
    at renderElementVNode (/Volumes/SanDisk1TB/proj/Payer/node_modules/@vue/server-renderer/dist/server-renderer.cjs.prod.js:593:9)
    at renderVNode (/Volumes/SanDisk1TB/proj/Payer/node_modules/@vue/server-renderer/dist/server-renderer.cjs.prod.js:531:9)
[32m✓[0m rendering pages...
build complete in 18.84s.
